
> flexhmi@0.4.3 test
> node --test tests/alarm.cjs tests/integration.cjs tests/waste-simulation.cjs tests/layout.cjs tests/agent.cjs tests/water-simulation.cjs tests/ai.cjs tests/control.cjs tests/knowledge.cjs tests/assessment-store.cjs tests/ipc-launcher.cjs tests/agent-write.cjs tests/project-store.cjs tests/connections.cjs tests/state-machine.cjs tests/access.cjs

✔ protected access stores only hashes, rejects anonymous and forged owner requests, and honors expiry/revocation (401.999792ms)
✔ server capability checks cannot be bypassed using client scope, direct save, legacy write or physical-write flags (507.012292ms)
✔ real FUXA enforces token roles, gates upstream HTTP and sockets, and revoked control returns to manual (3556.376666ms)
✔ Agent writes bind exact device, revision, current value and declared range (1.75ms)
✔ Agent writes reject stale, future, null and untyped target data before actuation (1.773833ms)
✔ physical target authorization and tag data type are checked before writing (0.196375ms)
✔ agent deletion repairs all dependent bindings and reports runtime impact (6.403917ms)
✔ component deletion cascades connections; invalid plans never mutate input (1.536041ms)
✔ topological layout respects lock and leaves no overlapping nodes (2.518875ms)
✔ orthogonal routing avoids obstacle and follows moved endpoints (3.066042ms)
✔ unroutable ports produce a blocking diagnostic, not fake straight lines (0.504375ms)
✔ mode validation distinguishes available configuration from future execution (0.942667ms)
✔ new and edited dangling references fail with locations instead of silently becoming unbound (0.939958ms)
✔ forward references in one plan work but newly introduced links to a deleted target are rejected (0.95825ms)
✔ loaded projects use their own deletion baseline and reject later new bad bindings (1.004167ms)
✔ control dependency deletion remains recoverable while newly mistyped rule and step references fail (4.288833ms)
✔ new invented source references fail while existing source updates still disable dependent rules (3.341875ms)
✔ different equipment sizes align their visible ports with no gratuitous elbow (0.370917ms)
✔ reversed and vertical flows point toward destination with the appropriate side (2.569958ms)
✔ offset horizontal ports use a centered corridor instead of tiny end stubs (0.236833ms)
✔ manual flow drawings cannot silently disconnect during automatic layout (0.123ms)
✔ process optimization preserves unconnected titles, controls and cards while aligning equipment (0.66225ms)
✔ type conversion preserves the complete engineering configuration and reports executable consequences (7.735625ms)
✔ model settings reject insecure remote URLs and credentials never persist or move to a new destination (3.340833ms)
✔ generation wait settings validate bounds and survive restart without persisting credentials (3.249875ms)
✔ each job snapshots its wait budget and terminal elapsed time stays fixed (39.228292ms)
✔ a model output becomes a checked preview only, never applies to the live project (4.97725ms)
✔ invalid model operations get exactly one repair and a second invalid answer fails (3.744ms)
✔ concurrent engineering edits invalidate model output rather than replacing the revision (2.401833ms)
✔ cancellation and timeout cannot produce a late preview (24.020292ms)
✔ both provider wire protocols parse valid JSON; redirect does not leak bearer token (18.482125ms)
✔ plan schema is valid draft-07 and model cannot choose actor or revision (209.462667ms)
✔ model transport bounds decompressed data and cancellation closes pending headers and bodies (30.613167ms)
✔ duplicate ID feedback identifies both conflicting objects for model repair (1.852917ms)
✔ model gets actionable dangling-reference feedback and must repair the binding before preview (2.490042ms)
✔ alarm drafts remain explicitly unconfigured and invalid thresholds fail with location (7.878416ms)
✔ alarm never reports normal without a configured limit and fresh numeric evidence (1.647083ms)
✔ assessment archive survives restart, searches and pages without leaking full observations into lists (34.588625ms)
✔ same-side return ports use two bends without an artificial last jog (8.372958ms)
✔ cycles unfold into ordered equipment and an outside return; repeated optimization is stable (2.647458ms)
✔ branch ordering follows upstream paths and does not depend on input array order (7.373708ms)
✔ automatic ports avoid equipment labels; explicit obstructed ports explain failure (1.45275ms)
✔ crossing diagnostics distinguish a visual crossover from actual connectivity (0.141708ms)
✔ connection editor previews preserve equipment, support reversed arrows and reset automatic ports (0.963041ms)
✔ connection hit targets exist only in editor markup and all text is escaped (3.914917ms)
✔ runtime flow only animates fresh true Bool values and stops on stale data (0.176542ms)
✔ explicit returns do not reorder the main process even when IDs and feed branches prefer another cycle entry (6.376708ms)
✔ declared return decisions are reversible and inferred layoutRole cannot override new graph direction (0.292625ms)
✔ hysteresis, stable duration and minimum interval prevent chattering (9.573083ms)
✔ fresh false permissive requests off; stale data faults without inventing a safe output (1.679792ms)
✔ manual takeover persists and restarting or configuration changes never auto-arm (1.850708ms)
✔ external output changes and unverified writes fault rather than being silently overwritten (1.586917ms)
✔ physical output requires exact session scope and data readiness (1.420583ms)
✔ validation rejects inverted thresholds, shared output and unauthorized tag types (0.434167ms)
✔ deleting control dependencies disables the rule with a visible impact instead of leaving a live dangling action (9.713ms)
✔ takeover during an in-flight write prevents subsequent rules from writing (8.218083ms)
▶ SimpleHMI real FUXA integration
  ✔ simulation runs through FUXA and supports writes (2056.528166ms)
  ✔ Agent point write is guarded, verified and audited (565.553333ms)
  ✔ layout saves and reloads without stopping devices (14.200208ms)
  ✔ ordinary HTTP saves journal normalized changes and a repeated save preserves live simulation (39.513625ms)
  ✔ invalid and read-only requests fail honestly (15.853209ms)
  ✔ connection probe performs a real Modbus read (32.972083ms)
  ✔ failed connection probe returns an error without crashing server (6.752333ms)
  ✔ FUXA Modbus reads, writes register with scale, writes coil and verifies readback (1605.673583ms)
  ✔ Agent physical write requires authorization and matches test slave readback (1121.139208ms)
  ✔ automatic Modbus control needs session authorization and verifies actual coil readback (661.364625ms)
  ✔ Agent step flow drives a real Modbus test slave through idle, running and stopped outputs (5010.566167ms)
  ✔ disconnect becomes stale and cannot report successful write (3750.109334ms)
  ✔ switch project clears previous device and history exists (1866.976042ms)
  ✔ server restart restores active saved project (1473.090917ms)
  ✔ agent previews without mutation, applies once, and rejects stale competing plans (910.871792ms)
  ✔ AI HTTP generation uses configured provider and produces an unapplied checked preview (46.866167ms)
  ✔ water process runs through FUXA with independent opposite levels, conservation and stop/resume (6030.753625ms)
  ✔ water rules automatically start and stop with readback; manual takeover and restart stay manual (11438.490458ms)
  ✔ industry assessment persists exact citations, rejects changed conditions and applies a fresh reviewed strategy (3191.0665ms)
  ✔ built-in AI and external assessments preserve step citations through apply, restart and dependent invalidation (3960.187334ms)
  ✔ cross-origin mutation is rejected (2.524583ms)
✔ SimpleHMI real FUXA integration (48042.442083ms)
✔ IPC controller owns one runtime, authenticates launches and stops only its child (340.665917ms)
✔ Unix controller recovers a dead socket and keeps long data paths out of sockaddr (384.477583ms)
✔ model-generated steps inherit verified citations and stop when their basis changes or expires (24.01225ms)
✔ long model waits never extend the three-minute assessment observation lifetime (1.8115ms)
✔ knowledge validation, Chinese retrieval, exact version increments and expired sources (14.163625ms)
✔ citations require exact source excerpts and every observed value has a valid interval (0.375333ms)
✔ application checks data drift, source mutation, expiration and observed tag configuration (0.613042ms)
✔ knowledge changes and deletes disable dependent rules and appear in plan changes (1.28825ms)
✔ model assessment receives selected evidence, creates a cited preview, and never auto-executes (3.638459ms)
✔ empty-action assessment is a report and does not fabricate a modification (5.729125ms)
✔ an armed rule faults when its cited source expires, without writing another output (7.372458ms)
✔ alignment preserves dimensions and aligns selected bounds (2.941083ms)
✔ unequal width objects get equal gaps without overlap (0.614917ms)
✔ group dragging snaps and clamps without changing internal spacing (0.7245ms)
✔ 112 upstream symbols have unique ids and valid non-clipping viewboxes (3.801875ms)
✔ saved project lifecycle preserves exact archived content and refuses stale or active targets (9.436584ms)
✔ new projects and restore destinations are checked again immediately before mutation (4.7885ms)
✔ SIGKILL before-save reconciles the journal without replaying an interrupted operation (699.695208ms)
✔ SIGKILL after-save reconciles the journal without replaying an interrupted operation (546.240167ms)
✔ restart reconciles archived files and reports corrupt journal records without blocking the service (119.559ms)
✔ history restoration previews all overwritten changes, rejects races, is replay-safe and persists (262.837416ms)
✔ restoring deleted knowledge uses a new historical high-water version and invalidates old rule evidence (131.710208ms)
✔ history restoration refuses cross-project switches, archived-file plans and missing snapshots (0.28925ms)
✔ history restore SIGKILL before-save does not repeat or lose a confirmed result (364.673875ms)
✔ history restore SIGKILL after-save does not repeat or lose a confirmed result (310.342375ms)
✔ ordinary saves retain before/after history, skip no-ops, reject conflicts and restore through the same plan API (326.425084ms)
✔ ordinary save SIGKILL before-save is reconciled without repeating the save (228.260792ms)
✔ ordinary save SIGKILL after-save is reconciled without repeating the save (191.950875ms)
✔ editor save rechecks authorization after asynchronous preparation before journaling or activation (2.005833ms)
✔ sequence waits for dwell/stable conditions, verifies outputs, completes and monitors its terminal state (17.205333ms)
✔ conditions must remain stable and priority explicitly chooses among matching branches (1.007834ms)
✔ sequence stale faults without forcing an invented safe value (2.925625ms)
✔ sequence external faults without forcing an invented safe value (1.934541ms)
✔ sequence timeout faults without forcing an invented safe value (2.971083ms)
✔ sequence guard faults without forcing an invented safe value (1.513667ms)
✔ a fresh controller requires explicit arming and initial outputs; exact physical scope includes every machine target (1.558833ms)
✔ evidence expiring during single output stops the step and records already verified writes (1.566125ms)
✔ evidence expiring during multiple outputs stops the step and records already verified writes (0.802416ms)
✔ a later action failure leaves prior verified writes recorded, does not advance state and never rolls back outputs (2.031375ms)
✔ takeover during an in-flight step prevents later actions (0.811958ms)
✔ Float32 readback accepts representable quantization but detects a different register value (0.841917ms)
✔ validation rejects unreachable graphs, ambiguous priorities, missing action vectors, duplicate controllers and out-of-range writes (0.375917ms)
✔ Agent point deletion and changed knowledge disable dependent machines with visible impact (3.781667ms)
✔ an output used by the trigger is captured before this transition writes its complete vector (2.426459ms)
✔ a timeout during a multi-output transition prevents the remaining write and records the machine identity (2.059875ms)
✔ disabled broken dependencies remain editable but invalid graph structure is still rejected (0.467542ms)
✔ a configured return transition repeats the sequence while preserving the minimum switch interval (3.346375ms)
✔ the importable three-step water demo validates and starts with stopped simulation outputs (0.417542ms)
✔ expired authorization during a step finishes the issued readback and stops remaining actions (1.31825ms)
✔ waste project preserves process units, streams, controls, and bindings (3.820541ms)
✔ process starts, warms up, alarms, recovers, then stops (5.304625ms)
✔ two tanks conserve water and move in opposite directions with unequal capacity (2.262416ms)
✔ stopping holds both tank levels and flow is zero; restarting resumes transfer (2.332542ms)
✔ full destination and dry source limit exact transfer without creating or losing water (0.221875ms)
✔ water demo binds separate levels, actual pump feedback and writable command with straight routes (241.733792ms)
✔ first launch and project demo entry use the same physically coupled water model (0.497333ms)
ℹ tests 134
ℹ suites 0
ℹ pass 134
ℹ fail 0
ℹ cancelled 0
ℹ skipped 0
ℹ todo 0
ℹ duration_ms 48526.483916
