AssertionError [ERR_ASSERTION]: Expected values to be strictly deep-equal:
+ actual - expected
... Skipped lines

  {
    components: [
      {
        h: 80,
        id: 'notes_title',
...
    ],
+   connections: [],
    height: 600,
    id: 'notes',
    name: '说明',
    width: 800
  }

    at [workspace]/outputs/SimpleHMI/scripts/browser/complex-layout.cjs:25:10
    at process.processTicksAndRejections (node:internal/process/task_queues:104:5) {
  generatedMessage: true,
  code: 'ERR_ASSERTION',
  actual: [Object],
  expected: [Object],
  operator: 'deepStrictEqual',
  diff: 'simple'
}
