
> flexhmi@0.4.3 test
> node --test tests/alarm.cjs tests/integration.cjs tests/waste-simulation.cjs tests/layout.cjs tests/agent.cjs tests/water-simulation.cjs tests/ai.cjs tests/control.cjs tests/knowledge.cjs tests/assessment-store.cjs tests/ipc-launcher.cjs tests/agent-write.cjs tests/project-store.cjs tests/connections.cjs tests/state-machine.cjs tests/access.cjs

✔ protected access stores only hashes, rejects anonymous and forged owner requests, and honors expiry/revocation (329.36475ms)
✔ server capability checks cannot be bypassed using client scope, direct save, legacy write or physical-write flags (247.061625ms)
✔ real FUXA enforces token roles, gates upstream HTTP and sockets, and revoked control returns to manual (3129.997209ms)
✔ Agent writes bind exact device, revision, current value and declared range (1.894917ms)
✔ Agent writes reject stale, future, null and untyped target data before actuation (0.601708ms)
✔ physical target authorization and tag data type are checked before writing (0.322208ms)
✔ agent deletion repairs all dependent bindings and reports runtime impact (3.513375ms)
✔ component deletion cascades connections; invalid plans never mutate input (0.439833ms)
✔ topological layout respects lock and leaves no overlapping nodes (0.689917ms)
✔ orthogonal routing avoids obstacle and follows moved endpoints (2.0095ms)
✔ unroutable ports produce a blocking diagnostic, not fake straight lines (0.125583ms)
✔ mode validation distinguishes available configuration from future execution (0.373834ms)
✔ new and edited dangling references fail with locations instead of silently becoming unbound (1.363042ms)
✔ forward references in one plan work but newly introduced links to a deleted target are rejected (1.41125ms)
✔ loaded projects use their own deletion baseline and reject later new bad bindings (0.384458ms)
✔ control dependency deletion remains recoverable while newly mistyped rule and step references fail (2.747584ms)
✔ new invented source references fail while existing source updates still disable dependent rules (1.186667ms)
✔ different equipment sizes align their visible ports with no gratuitous elbow (0.136834ms)
✔ reversed and vertical flows point toward destination with the appropriate side (2.957042ms)
✔ offset horizontal ports use a centered corridor instead of tiny end stubs (0.124ms)
✔ manual flow drawings cannot silently disconnect during automatic layout (0.073042ms)
✔ process optimization preserves unconnected titles, controls and cards while aligning equipment (0.402583ms)
✔ type conversion preserves the complete engineering configuration and reports executable consequences (5.464916ms)
✔ model settings reject insecure remote URLs and credentials never persist or move to a new destination (4.58325ms)
✔ generation wait settings validate bounds and survive restart without persisting credentials (1.3445ms)
✔ each job snapshots its wait budget and terminal elapsed time stays fixed (39.681208ms)
✔ a model output becomes a checked preview only, never applies to the live project (2.804167ms)
✔ invalid model operations get exactly one repair and a second invalid answer fails (1.776375ms)
✔ concurrent engineering edits invalidate model output rather than replacing the revision (0.813167ms)
✔ cancellation and timeout cannot produce a late preview (33.51725ms)
✔ both provider wire protocols parse valid JSON; redirect does not leak bearer token (32.79025ms)
✔ plan schema is valid draft-07 and model cannot choose actor or revision (144.928125ms)
✔ model transport bounds decompressed data and cancellation closes pending headers and bodies (24.611708ms)
✔ duplicate ID feedback identifies both conflicting objects for model repair (2.114833ms)
✔ model gets actionable dangling-reference feedback and must repair the binding before preview (4.436375ms)
✔ alarm drafts remain explicitly unconfigured and invalid thresholds fail with location (2.840125ms)
✔ alarm never reports normal without a configured limit and fresh numeric evidence (0.49775ms)
✔ assessment archive survives restart, searches and pages without leaking full observations into lists (30.209334ms)
✔ same-side return ports use two bends without an artificial last jog (1.737459ms)
✔ cycles unfold into ordered equipment and an outside return; repeated optimization is stable (1.428833ms)
✔ branch ordering follows upstream paths and does not depend on input array order (9.364333ms)
✔ automatic ports avoid equipment labels; explicit obstructed ports explain failure (1.246458ms)
✔ crossing diagnostics distinguish a visual crossover from actual connectivity (0.13225ms)
✔ connection editor previews preserve equipment, support reversed arrows and reset automatic ports (0.957625ms)
✔ connection hit targets exist only in editor markup and all text is escaped (3.168625ms)
✔ runtime flow only animates fresh true Bool values and stops on stale data (0.123333ms)
✔ hysteresis, stable duration and minimum interval prevent chattering (5.123792ms)
✔ fresh false permissive requests off; stale data faults without inventing a safe output (1.502166ms)
✔ manual takeover persists and restarting or configuration changes never auto-arm (4.439458ms)
✔ external output changes and unverified writes fault rather than being silently overwritten (1.761ms)
✔ physical output requires exact session scope and data readiness (0.670125ms)
✔ validation rejects inverted thresholds, shared output and unauthorized tag types (1.245417ms)
✔ deleting control dependencies disables the rule with a visible impact instead of leaving a live dangling action (3.651834ms)
✔ takeover during an in-flight write prevents subsequent rules from writing (1.951167ms)
▶ SimpleHMI real FUXA integration
  ✔ simulation runs through FUXA and supports writes (2023.183583ms)
  ✔ Agent point write is guarded, verified and audited (574.1615ms)
  ✔ layout saves and reloads without stopping devices (19.256916ms)
  ✔ ordinary HTTP saves journal normalized changes and a repeated save preserves live simulation (41.159125ms)
  ✔ invalid and read-only requests fail honestly (19.237709ms)
  ✔ connection probe performs a real Modbus read (59.379375ms)
  ✔ failed connection probe returns an error without crashing server (5.749958ms)
  ✔ FUXA Modbus reads, writes register with scale, writes coil and verifies readback (1616.767ms)
  ✔ Agent physical write requires authorization and matches test slave readback (939.487416ms)
  ✔ automatic Modbus control needs session authorization and verifies actual coil readback (675.596667ms)
  ✔ Agent step flow drives a real Modbus test slave through idle, running and stopped outputs (4996.513417ms)
  ✔ disconnect becomes stale and cannot report successful write (3963.300375ms)
  ✔ switch project clears previous device and history exists (1858.917625ms)
  ✔ server restart restores active saved project (1459.301792ms)
  ✔ agent previews without mutation, applies once, and rejects stale competing plans (923.537583ms)
  ✔ AI HTTP generation uses configured provider and produces an unapplied checked preview (42.834292ms)
  ✔ water process runs through FUXA with independent opposite levels, conservation and stop/resume (6199.044625ms)
  ✔ water rules automatically start and stop with readback; manual takeover and restart stay manual (11655.403209ms)
  ✔ industry assessment persists exact citations, rejects changed conditions and applies a fresh reviewed strategy (3197.401583ms)
  ✔ built-in AI and external assessments preserve step citations through apply, restart and dependent invalidation (4189.688ms)
  ✔ cross-origin mutation is rejected (2.215417ms)
✔ SimpleHMI real FUXA integration (48475.55ms)
✔ IPC controller owns one runtime, authenticates launches and stops only its child (325.120375ms)
✔ Unix controller recovers a dead socket and keeps long data paths out of sockaddr (323.079542ms)
✔ model-generated steps inherit verified citations and stop when their basis changes or expires (16.676583ms)
✔ long model waits never extend the three-minute assessment observation lifetime (5.843375ms)
✔ knowledge validation, Chinese retrieval, exact version increments and expired sources (15.564417ms)
✔ citations require exact source excerpts and every observed value has a valid interval (0.552375ms)
✔ application checks data drift, source mutation, expiration and observed tag configuration (1.298917ms)
✔ knowledge changes and deletes disable dependent rules and appear in plan changes (2.461083ms)
✔ model assessment receives selected evidence, creates a cited preview, and never auto-executes (4.021791ms)
✔ empty-action assessment is a report and does not fabricate a modification (3.255958ms)
✔ an armed rule faults when its cited source expires, without writing another output (2.052583ms)
✔ alignment preserves dimensions and aligns selected bounds (1.214792ms)
✔ unequal width objects get equal gaps without overlap (0.502333ms)
✔ group dragging snaps and clamps without changing internal spacing (0.287375ms)
✔ 112 upstream symbols have unique ids and valid non-clipping viewboxes (1.797334ms)
✔ saved project lifecycle preserves exact archived content and refuses stale or active targets (11.360375ms)
✔ new projects and restore destinations are checked again immediately before mutation (3.162875ms)
✔ SIGKILL before-save reconciles the journal without replaying an interrupted operation (404.352334ms)
✔ SIGKILL after-save reconciles the journal without replaying an interrupted operation (260.543625ms)
✔ restart reconciles archived files and reports corrupt journal records without blocking the service (97.526375ms)
✔ history restoration previews all overwritten changes, rejects races, is replay-safe and persists (213.6085ms)
✔ restoring deleted knowledge uses a new historical high-water version and invalidates old rule evidence (123.8245ms)
✔ history restoration refuses cross-project switches, archived-file plans and missing snapshots (0.222458ms)
✔ history restore SIGKILL before-save does not repeat or lose a confirmed result (272.442417ms)
✔ history restore SIGKILL after-save does not repeat or lose a confirmed result (282.648042ms)
✔ ordinary saves retain before/after history, skip no-ops, reject conflicts and restore through the same plan API (312.333208ms)
✔ ordinary save SIGKILL before-save is reconciled without repeating the save (172.072792ms)
✔ ordinary save SIGKILL after-save is reconciled without repeating the save (177.653458ms)
✔ editor save rechecks authorization after asynchronous preparation before journaling or activation (1.73725ms)
✔ sequence waits for dwell/stable conditions, verifies outputs, completes and monitors its terminal state (7.647333ms)
✔ conditions must remain stable and priority explicitly chooses among matching branches (2.611542ms)
✔ sequence stale faults without forcing an invented safe value (2.399791ms)
✔ sequence external faults without forcing an invented safe value (0.864125ms)
✔ sequence timeout faults without forcing an invented safe value (1.5135ms)
✔ sequence guard faults without forcing an invented safe value (1.528833ms)
✔ a fresh controller requires explicit arming and initial outputs; exact physical scope includes every machine target (1.477667ms)
✔ evidence expiring during single output stops the step and records already verified writes (1.263583ms)
✔ evidence expiring during multiple outputs stops the step and records already verified writes (1.146667ms)
✔ a later action failure leaves prior verified writes recorded, does not advance state and never rolls back outputs (1.093625ms)
✔ takeover during an in-flight step prevents later actions (0.876584ms)
✔ Float32 readback accepts representable quantization but detects a different register value (1.135917ms)
✔ validation rejects unreachable graphs, ambiguous priorities, missing action vectors, duplicate controllers and out-of-range writes (0.41725ms)
✔ Agent point deletion and changed knowledge disable dependent machines with visible impact (2.702458ms)
✔ an output used by the trigger is captured before this transition writes its complete vector (1.135042ms)
✔ a timeout during a multi-output transition prevents the remaining write and records the machine identity (0.696583ms)
✔ disabled broken dependencies remain editable but invalid graph structure is still rejected (0.407041ms)
✔ a configured return transition repeats the sequence while preserving the minimum switch interval (4.258375ms)
✔ the importable three-step water demo validates and starts with stopped simulation outputs (0.875292ms)
✔ expired authorization during a step finishes the issued readback and stops remaining actions (1.746541ms)
✔ waste project preserves process units, streams, controls, and bindings (1.363584ms)
✔ process starts, warms up, alarms, recovers, then stops (0.565625ms)
✔ two tanks conserve water and move in opposite directions with unequal capacity (2.210584ms)
✔ stopping holds both tank levels and flow is zero; restarting resumes transfer (0.3905ms)
✔ full destination and dry source limit exact transfer without creating or losing water (0.080792ms)
✔ water demo binds separate levels, actual pump feedback and writable command with straight routes (92.620375ms)
✔ first launch and project demo entry use the same physically coupled water model (6.230583ms)
ℹ tests 132
ℹ suites 0
ℹ pass 132
ℹ fail 0
ℹ cancelled 0
ℹ skipped 0
ℹ todo 0
ℹ duration_ms 48781.283833
