
> flexhmi@0.3.0 test
> node --test tests/integration.cjs tests/waste-simulation.cjs tests/layout.cjs tests/agent.cjs tests/water-simulation.cjs tests/ai.cjs tests/control.cjs tests/knowledge.cjs tests/ipc-launcher.cjs

✔ agent deletion repairs all dependent bindings and reports runtime impact (6.087625ms)
✔ component deletion cascades connections; invalid plans never mutate input (1.191875ms)
✔ topological layout respects lock and leaves no overlapping nodes (1.073583ms)
✔ orthogonal routing avoids obstacle and follows moved endpoints (2.528375ms)
✔ unroutable ports produce a blocking diagnostic, not fake straight lines (0.255625ms)
✔ mode validation distinguishes available configuration from future execution (0.673042ms)
✔ different equipment sizes align their visible ports with no gratuitous elbow (0.836958ms)
✔ reversed and vertical flows point toward destination with the appropriate side (1.440833ms)
✔ offset horizontal ports use a centered corridor instead of tiny end stubs (0.16275ms)
✔ manual flow drawings cannot silently disconnect during automatic layout (0.790917ms)
✔ process optimization preserves unconnected titles, controls and cards while aligning equipment (3.086583ms)
✔ model settings reject insecure remote URLs and credentials never persist or move to a new destination (2.516167ms)
✔ a model output becomes a checked preview only, never applies to the live project (3.693417ms)
✔ invalid model operations get exactly one repair and a second invalid answer fails (3.144875ms)
✔ concurrent engineering edits invalidate model output rather than replacing the revision (3.189833ms)
✔ cancellation and timeout cannot produce a late preview (26.130083ms)
✔ both provider wire protocols parse valid JSON; redirect does not leak bearer token (43.883916ms)
✔ plan schema is valid draft-07 and model cannot choose actor or revision (157.385542ms)
✔ hysteresis, stable duration and minimum interval prevent chattering (5.0475ms)
✔ fresh false permissive requests off; stale data faults without inventing a safe output (1.476125ms)
✔ manual takeover persists and restarting or configuration changes never auto-arm (1.274875ms)
✔ external output changes and unverified writes fault rather than being silently overwritten (4.222084ms)
✔ physical output requires exact session scope and data readiness (1.499583ms)
✔ validation rejects inverted thresholds, shared output and unauthorized tag types (0.292ms)
✔ deleting control dependencies disables the rule with a visible impact instead of leaving a live dangling action (6.888ms)
✔ takeover during an in-flight write prevents subsequent rules from writing (2.232208ms)
▶ SimpleHMI real FUXA integration
  ✔ simulation runs through FUXA and supports writes (2045.282375ms)
  ✔ layout saves and reloads without stopping devices (18.401333ms)
  ✔ invalid and read-only requests fail honestly (21.188667ms)
  ✔ connection probe performs a real Modbus read (56.698459ms)
  ✔ failed connection probe returns an error without crashing server (5.51525ms)
  ✔ FUXA Modbus reads, writes register with scale, writes coil and verifies readback (1589.672583ms)
  ✔ automatic Modbus control needs session authorization and verifies actual coil readback (636.328958ms)
  ✔ disconnect becomes stale and cannot report successful write (3524.908709ms)
  ✔ switch project clears previous device and history exists (1842.828792ms)
  ✔ server restart restores active saved project (1470.230083ms)
  ✔ agent previews without mutation, applies once, and rejects stale competing plans (863.583125ms)
  ✔ AI HTTP generation uses configured provider and produces an unapplied checked preview (243.055834ms)
  ✔ water process runs through FUXA with independent opposite levels, conservation and stop/resume (6382.214708ms)
  ✔ water rules automatically start and stop with readback; manual takeover and restart stay manual (10526.52875ms)
  ✔ industry assessment persists exact citations, rejects changed conditions and applies a fresh reviewed strategy (3186.718541ms)
  ✔ cross-origin mutation is rejected (2.286708ms)
✔ SimpleHMI real FUXA integration (36241.933375ms)
✔ IPC controller owns one runtime, authenticates launches and stops only its child (2337.330208ms)
✔ knowledge validation, Chinese retrieval, exact version increments and expired sources (19.571833ms)
✔ citations require exact source excerpts and every observed value has a valid interval (0.728334ms)
✔ application checks data drift, source mutation, expiration and observed tag configuration (2.573667ms)
✔ knowledge changes and deletes disable dependent rules and appear in plan changes (5.42175ms)
✔ model assessment receives selected evidence, creates a cited preview, and never auto-executes (6.91725ms)
✔ empty-action assessment is a report and does not fabricate a modification (1.958375ms)
✔ an armed rule faults when its cited source expires, without writing another output (3.169125ms)
✔ alignment preserves dimensions and aligns selected bounds (3.183166ms)
✔ unequal width objects get equal gaps without overlap (0.534542ms)
✔ group dragging snaps and clamps without changing internal spacing (0.552083ms)
✔ 112 upstream symbols have unique ids and valid non-clipping viewboxes (2.523959ms)
✔ waste project preserves process units, streams, controls, and bindings (2.598708ms)
✔ process starts, warms up, alarms, recovers, then stops (0.635625ms)
✔ two tanks conserve water and move in opposite directions with unequal capacity (1.260584ms)
✔ stopping holds both tank levels and flow is zero; restarting resumes transfer (0.397916ms)
✔ full destination and dry source limit exact transfer without creating or losing water (0.113542ms)
✔ water demo binds separate levels, actual pump feedback and writable command with straight routes (45.876166ms)
✔ first launch and project demo entry use the same physically coupled water model (0.265708ms)
ℹ tests 62
ℹ suites 0
ℹ pass 62
ℹ fail 0
ℹ cancelled 0
ℹ skipped 0
ℹ todo 0
ℹ duration_ms 36335.959334
