
> flexhmi@0.4.3 test
> node --test tests/integration.cjs tests/waste-simulation.cjs tests/layout.cjs tests/agent.cjs tests/water-simulation.cjs tests/ai.cjs tests/control.cjs tests/knowledge.cjs tests/assessment-store.cjs tests/ipc-launcher.cjs tests/agent-write.cjs tests/project-store.cjs tests/connections.cjs tests/state-machine.cjs tests/access.cjs

✔ protected access stores only hashes, rejects anonymous and forged owner requests, and honors expiry/revocation (1154.078334ms)
✔ server capability checks cannot be bypassed using client scope, direct save, legacy write or physical-write flags (785.852542ms)
✔ real FUXA enforces token roles, gates upstream HTTP and sockets, and revoked control returns to manual (3566.801084ms)
✔ Agent writes bind exact device, revision, current value and declared range (18.140291ms)
✔ Agent writes reject stale, future, null and untyped target data before actuation (0.331709ms)
✔ physical target authorization and tag data type are checked before writing (0.167ms)
✔ agent deletion repairs all dependent bindings and reports runtime impact (14.917208ms)
✔ component deletion cascades connections; invalid plans never mutate input (1.151375ms)
✔ topological layout respects lock and leaves no overlapping nodes (1.088417ms)
✔ orthogonal routing avoids obstacle and follows moved endpoints (4.161417ms)
✔ unroutable ports produce a blocking diagnostic, not fake straight lines (0.365459ms)
✔ mode validation distinguishes available configuration from future execution (1.091833ms)
✔ different equipment sizes align their visible ports with no gratuitous elbow (0.286875ms)
✔ reversed and vertical flows point toward destination with the appropriate side (4.079459ms)
✔ offset horizontal ports use a centered corridor instead of tiny end stubs (1.149208ms)
✔ manual flow drawings cannot silently disconnect during automatic layout (0.366292ms)
✔ process optimization preserves unconnected titles, controls and cards while aligning equipment (3.294541ms)
✔ type conversion preserves the complete engineering configuration and reports executable consequences (21.289167ms)
✔ model settings reject insecure remote URLs and credentials never persist or move to a new destination (14.705583ms)
✔ a model output becomes a checked preview only, never applies to the live project (16.697625ms)
✔ invalid model operations get exactly one repair and a second invalid answer fails (10.038167ms)
✔ concurrent engineering edits invalidate model output rather than replacing the revision (6.083875ms)
✔ cancellation and timeout cannot produce a late preview (31.392583ms)
✔ both provider wire protocols parse valid JSON; redirect does not leak bearer token (94.246375ms)
✔ plan schema is valid draft-07 and model cannot choose actor or revision (1211.233667ms)
✔ assessment archive survives restart, searches and pages without leaking full observations into lists (62.505083ms)
✔ same-side return ports use two bends without an artificial last jog (6.990375ms)
✔ cycles unfold into ordered equipment and an outside return; repeated optimization is stable (14.179209ms)
✔ branch ordering follows upstream paths and does not depend on input array order (18.864583ms)
✔ automatic ports avoid equipment labels; explicit obstructed ports explain failure (15.87125ms)
✔ crossing diagnostics distinguish a visual crossover from actual connectivity (0.276042ms)
✔ connection editor previews preserve equipment, support reversed arrows and reset automatic ports (3.639041ms)
✔ connection hit targets exist only in editor markup and all text is escaped (9.389292ms)
✔ runtime flow only animates fresh true Bool values and stops on stale data (1.264959ms)
✔ hysteresis, stable duration and minimum interval prevent chattering (10.915958ms)
✔ fresh false permissive requests off; stale data faults without inventing a safe output (4.531459ms)
✔ manual takeover persists and restarting or configuration changes never auto-arm (2.9145ms)
✔ external output changes and unverified writes fault rather than being silently overwritten (12.853166ms)
✔ physical output requires exact session scope and data readiness (4.590875ms)
✔ validation rejects inverted thresholds, shared output and unauthorized tag types (0.857375ms)
✔ deleting control dependencies disables the rule with a visible impact instead of leaving a live dangling action (4.630708ms)
✔ takeover during an in-flight write prevents subsequent rules from writing (5.566792ms)
▶ SimpleHMI real FUXA integration
  ✔ simulation runs through FUXA and supports writes (2131.820791ms)
  ✔ Agent point write is guarded, verified and audited (595.182167ms)
  ✔ layout saves and reloads without stopping devices (20.74975ms)
  ✔ ordinary HTTP saves journal normalized changes and a repeated save preserves live simulation (64.557541ms)
  ✔ invalid and read-only requests fail honestly (62.833041ms)
  ✔ connection probe performs a real Modbus read (80.601417ms)
  ✔ failed connection probe returns an error without crashing server (9.613625ms)
  ✔ FUXA Modbus reads, writes register with scale, writes coil and verifies readback (1615.788ms)
  ✔ Agent physical write requires authorization and matches test slave readback (1118.88675ms)
  ✔ automatic Modbus control needs session authorization and verifies actual coil readback (1053.568209ms)
  ✔ Agent step flow drives a real Modbus test slave through idle, running and stopped outputs (4995.057292ms)
  ✔ disconnect becomes stale and cannot report successful write (3504.650709ms)
  ✔ switch project clears previous device and history exists (1872.972917ms)
  ✔ server restart restores active saved project (1736.19075ms)
  ✔ agent previews without mutation, applies once, and rejects stale competing plans (902.941541ms)
  ✔ AI HTTP generation uses configured provider and produces an unapplied checked preview (261.499083ms)
  ✔ water process runs through FUXA with independent opposite levels, conservation and stop/resume (6397.763667ms)
  ✔ water rules automatically start and stop with readback; manual takeover and restart stay manual (10956.568542ms)
  ✔ industry assessment persists exact citations, rejects changed conditions and applies a fresh reviewed strategy (3219.361542ms)
  ✔ built-in AI and external assessments preserve step citations through apply, restart and dependent invalidation (4734.891458ms)
  ✔ cross-origin mutation is rejected (3.147167ms)
✔ SimpleHMI real FUXA integration (50447.622375ms)
✔ IPC controller owns one runtime, authenticates launches and stops only its child (620.416209ms)
✔ Unix controller recovers a dead socket and keeps long data paths out of sockaddr (750.359083ms)
✔ model-generated steps inherit verified citations and stop when their basis changes or expires (124.172417ms)
✔ knowledge validation, Chinese retrieval, exact version increments and expired sources (323.846042ms)
✔ citations require exact source excerpts and every observed value has a valid interval (1.061541ms)
✔ application checks data drift, source mutation, expiration and observed tag configuration (1.59225ms)
✔ knowledge changes and deletes disable dependent rules and appear in plan changes (5.957292ms)
✔ model assessment receives selected evidence, creates a cited preview, and never auto-executes (24.250125ms)
✔ empty-action assessment is a report and does not fabricate a modification (8.475792ms)
✔ an armed rule faults when its cited source expires, without writing another output (2.75075ms)
✔ alignment preserves dimensions and aligns selected bounds (4.136416ms)
✔ unequal width objects get equal gaps without overlap (0.937708ms)
✔ group dragging snaps and clamps without changing internal spacing (0.6225ms)
✔ 112 upstream symbols have unique ids and valid non-clipping viewboxes (5.196917ms)
✔ saved project lifecycle preserves exact archived content and refuses stale or active targets (17.457916ms)
✔ new projects and restore destinations are checked again immediately before mutation (16.633292ms)
✔ SIGKILL before-save reconciles the journal without replaying an interrupted operation (672.1465ms)
✔ SIGKILL after-save reconciles the journal without replaying an interrupted operation (488.536375ms)
✔ restart reconciles archived files and reports corrupt journal records without blocking the service (207.136416ms)
✔ history restoration previews all overwritten changes, rejects races, is replay-safe and persists (473.059375ms)
✔ restoring deleted knowledge uses a new historical high-water version and invalidates old rule evidence (250.998417ms)
✔ history restoration refuses cross-project switches, archived-file plans and missing snapshots (1.224791ms)
✔ history restore SIGKILL before-save does not repeat or lose a confirmed result (627.397417ms)
✔ history restore SIGKILL after-save does not repeat or lose a confirmed result (777.532166ms)
✔ ordinary saves retain before/after history, skip no-ops, reject conflicts and restore through the same plan API (659.164958ms)
✔ ordinary save SIGKILL before-save is reconciled without repeating the save (364.771792ms)
✔ ordinary save SIGKILL after-save is reconciled without repeating the save (388.223666ms)
✔ editor save rechecks authorization after asynchronous preparation before journaling or activation (5.16425ms)
✔ sequence waits for dwell/stable conditions, verifies outputs, completes and monitors its terminal state (14.366667ms)
✔ conditions must remain stable and priority explicitly chooses among matching branches (3.600084ms)
✔ sequence stale faults without forcing an invented safe value (5.827875ms)
✔ sequence external faults without forcing an invented safe value (1.912625ms)
✔ sequence timeout faults without forcing an invented safe value (2.438834ms)
✔ sequence guard faults without forcing an invented safe value (4.363917ms)
✔ a fresh controller requires explicit arming and initial outputs; exact physical scope includes every machine target (7.453875ms)
✔ evidence expiring during single output stops the step and records already verified writes (3.650416ms)
✔ evidence expiring during multiple outputs stops the step and records already verified writes (2.279583ms)
✔ a later action failure leaves prior verified writes recorded, does not advance state and never rolls back outputs (3.741875ms)
✔ takeover during an in-flight step prevents later actions (5.352625ms)
✔ Float32 readback accepts representable quantization but detects a different register value (2.529666ms)
✔ validation rejects unreachable graphs, ambiguous priorities, missing action vectors, duplicate controllers and out-of-range writes (0.7115ms)
✔ Agent point deletion and changed knowledge disable dependent machines with visible impact (11.326292ms)
✔ an output used by the trigger is captured before this transition writes its complete vector (4.576167ms)
✔ a timeout during a multi-output transition prevents the remaining write and records the machine identity (2.294042ms)
✔ disabled broken dependencies remain editable but invalid graph structure is still rejected (1.351292ms)
✔ a configured return transition repeats the sequence while preserving the minimum switch interval (2.115625ms)
✔ the importable three-step water demo validates and starts with stopped simulation outputs (0.631959ms)
✔ expired authorization during a step finishes the issued readback and stops remaining actions (4.109459ms)
✔ waste project preserves process units, streams, controls, and bindings (2.804667ms)
✔ process starts, warms up, alarms, recovers, then stops (4.6965ms)
✔ two tanks conserve water and move in opposite directions with unequal capacity (2.060542ms)
✔ stopping holds both tank levels and flow is zero; restarting resumes transfer (0.82ms)
✔ full destination and dry source limit exact transfer without creating or losing water (0.16225ms)
✔ water demo binds separate levels, actual pump feedback and writable command with straight routes (184.016125ms)
✔ first launch and project demo entry use the same physically coupled water model (0.44775ms)
ℹ tests 119
ℹ suites 0
ℹ pass 119
ℹ fail 0
ℹ cancelled 0
ℹ skipped 0
ℹ todo 0
ℹ duration_ms 51001.721083
