
> flexhmi@0.4.3 test
> node --test tests/integration.cjs tests/waste-simulation.cjs tests/layout.cjs tests/agent.cjs tests/water-simulation.cjs tests/ai.cjs tests/control.cjs tests/knowledge.cjs tests/assessment-store.cjs tests/ipc-launcher.cjs tests/agent-write.cjs tests/project-store.cjs tests/connections.cjs tests/state-machine.cjs tests/access.cjs

✔ protected access stores only hashes, rejects anonymous and forged owner requests, and honors expiry/revocation (329.615333ms)
✔ server capability checks cannot be bypassed using client scope, direct save, legacy write or physical-write flags (252.544083ms)
✔ real FUXA enforces token roles, gates upstream HTTP and sockets, and revoked control returns to manual (3158.203625ms)
✔ Agent writes bind exact device, revision, current value and declared range (0.703166ms)
✔ Agent writes reject stale, future, null and untyped target data before actuation (0.1835ms)
✔ physical target authorization and tag data type are checked before writing (0.104167ms)
✔ agent deletion repairs all dependent bindings and reports runtime impact (3.72375ms)
✔ component deletion cascades connections; invalid plans never mutate input (1.81375ms)
✔ topological layout respects lock and leaves no overlapping nodes (2.411166ms)
✔ orthogonal routing avoids obstacle and follows moved endpoints (2.174542ms)
✔ unroutable ports produce a blocking diagnostic, not fake straight lines (0.150625ms)
✔ mode validation distinguishes available configuration from future execution (0.386625ms)
✔ new and edited dangling references fail with locations instead of silently becoming unbound (0.388917ms)
✔ forward references in one plan work but newly introduced links to a deleted target are rejected (0.416792ms)
✔ loaded projects use their own deletion baseline and reject later new bad bindings (0.333583ms)
✔ control dependency deletion remains recoverable while newly mistyped rule and step references fail (7.743958ms)
✔ new invented source references fail while existing source updates still disable dependent rules (3.357917ms)
✔ different equipment sizes align their visible ports with no gratuitous elbow (0.348541ms)
✔ reversed and vertical flows point toward destination with the appropriate side (3.208417ms)
✔ offset horizontal ports use a centered corridor instead of tiny end stubs (0.266334ms)
✔ manual flow drawings cannot silently disconnect during automatic layout (0.180458ms)
✔ process optimization preserves unconnected titles, controls and cards while aligning equipment (1.424417ms)
✔ type conversion preserves the complete engineering configuration and reports executable consequences (4.495375ms)
✔ model settings reject insecure remote URLs and credentials never persist or move to a new destination (4.284458ms)
✔ generation wait settings validate bounds and survive restart without persisting credentials (4.272ms)
✔ each job snapshots its wait budget and terminal elapsed time stays fixed (40.116292ms)
✔ a model output becomes a checked preview only, never applies to the live project (2.992666ms)
✔ invalid model operations get exactly one repair and a second invalid answer fails (2.424209ms)
✔ concurrent engineering edits invalidate model output rather than replacing the revision (8.052666ms)
✔ cancellation and timeout cannot produce a late preview (34.003083ms)
✔ both provider wire protocols parse valid JSON; redirect does not leak bearer token (16.695917ms)
✔ plan schema is valid draft-07 and model cannot choose actor or revision (147.889959ms)
✔ model transport bounds decompressed data and cancellation closes pending headers and bodies (24.526375ms)
✔ duplicate ID feedback identifies both conflicting objects for model repair (2.114208ms)
✔ model gets actionable dangling-reference feedback and must repair the binding before preview (6.418958ms)
✔ assessment archive survives restart, searches and pages without leaking full observations into lists (39.085708ms)
✔ same-side return ports use two bends without an artificial last jog (3.95475ms)
✔ cycles unfold into ordered equipment and an outside return; repeated optimization is stable (2.634292ms)
✔ branch ordering follows upstream paths and does not depend on input array order (8.443084ms)
✔ automatic ports avoid equipment labels; explicit obstructed ports explain failure (3.918ms)
✔ crossing diagnostics distinguish a visual crossover from actual connectivity (0.153083ms)
✔ connection editor previews preserve equipment, support reversed arrows and reset automatic ports (1.108042ms)
✔ connection hit targets exist only in editor markup and all text is escaped (3.505917ms)
✔ runtime flow only animates fresh true Bool values and stops on stale data (0.12525ms)
✔ hysteresis, stable duration and minimum interval prevent chattering (2.5255ms)
✔ fresh false permissive requests off; stale data faults without inventing a safe output (0.825541ms)
✔ manual takeover persists and restarting or configuration changes never auto-arm (0.90275ms)
✔ external output changes and unverified writes fault rather than being silently overwritten (7.341708ms)
✔ physical output requires exact session scope and data readiness (0.748042ms)
✔ validation rejects inverted thresholds, shared output and unauthorized tag types (0.191666ms)
✔ deleting control dependencies disables the rule with a visible impact instead of leaving a live dangling action (15.307459ms)
✔ takeover during an in-flight write prevents subsequent rules from writing (5.407375ms)
▶ SimpleHMI real FUXA integration
  ✔ simulation runs through FUXA and supports writes (2035.283167ms)
  ✔ Agent point write is guarded, verified and audited (586.009583ms)
  ✔ layout saves and reloads without stopping devices (17.919209ms)
  ✔ ordinary HTTP saves journal normalized changes and a repeated save preserves live simulation (37.829959ms)
  ✔ invalid and read-only requests fail honestly (18.384083ms)
  ✔ connection probe performs a real Modbus read (56.916541ms)
  ✔ failed connection probe returns an error without crashing server (6.042792ms)
  ✔ FUXA Modbus reads, writes register with scale, writes coil and verifies readback (1611.008ms)
  ✔ Agent physical write requires authorization and matches test slave readback (948.94575ms)
  ✔ automatic Modbus control needs session authorization and verifies actual coil readback (653.036166ms)
  ✔ Agent step flow drives a real Modbus test slave through idle, running and stopped outputs (5043.701125ms)
  ✔ disconnect becomes stale and cannot report successful write (3961.995875ms)
  ✔ switch project clears previous device and history exists (1867.44125ms)
  ✔ server restart restores active saved project (1291.209375ms)
  ✔ agent previews without mutation, applies once, and rejects stale competing plans (933.01425ms)
  ✔ AI HTTP generation uses configured provider and produces an unapplied checked preview (43.41825ms)
  ✔ water process runs through FUXA with independent opposite levels, conservation and stop/resume (6034.446709ms)
  ✔ water rules automatically start and stop with readback; manual takeover and restart stay manual (11509.281458ms)
  ✔ industry assessment persists exact citations, rejects changed conditions and applies a fresh reviewed strategy (3206.017209ms)
  ✔ built-in AI and external assessments preserve step citations through apply, restart and dependent invalidation (3966.401416ms)
  ✔ cross-origin mutation is rejected (2.482583ms)
✔ SimpleHMI real FUXA integration (47823.800084ms)
✔ IPC controller owns one runtime, authenticates launches and stops only its child (320.950709ms)
✔ Unix controller recovers a dead socket and keeps long data paths out of sockaddr (327.573542ms)
✔ model-generated steps inherit verified citations and stop when their basis changes or expires (16.374917ms)
✔ long model waits never extend the three-minute assessment observation lifetime (2.439ms)
✔ knowledge validation, Chinese retrieval, exact version increments and expired sources (11.454ms)
✔ citations require exact source excerpts and every observed value has a valid interval (0.372292ms)
✔ application checks data drift, source mutation, expiration and observed tag configuration (0.596167ms)
✔ knowledge changes and deletes disable dependent rules and appear in plan changes (1.83625ms)
✔ model assessment receives selected evidence, creates a cited preview, and never auto-executes (3.201375ms)
✔ empty-action assessment is a report and does not fabricate a modification (2.684458ms)
✔ an armed rule faults when its cited source expires, without writing another output (1.108166ms)
✔ alignment preserves dimensions and aligns selected bounds (1.467833ms)
✔ unequal width objects get equal gaps without overlap (0.246375ms)
✔ group dragging snaps and clamps without changing internal spacing (0.219042ms)
✔ 112 upstream symbols have unique ids and valid non-clipping viewboxes (2.170875ms)
✔ saved project lifecycle preserves exact archived content and refuses stale or active targets (7.869208ms)
✔ new projects and restore destinations are checked again immediately before mutation (4.709708ms)
✔ SIGKILL before-save reconciles the journal without replaying an interrupted operation (484.564542ms)
✔ SIGKILL after-save reconciles the journal without replaying an interrupted operation (270.18075ms)
✔ restart reconciles archived files and reports corrupt journal records without blocking the service (94.236125ms)
✔ history restoration previews all overwritten changes, rejects races, is replay-safe and persists (235.957834ms)
✔ restoring deleted knowledge uses a new historical high-water version and invalidates old rule evidence (120.255583ms)
✔ history restoration refuses cross-project switches, archived-file plans and missing snapshots (0.264167ms)
✔ history restore SIGKILL before-save does not repeat or lose a confirmed result (276.2995ms)
✔ history restore SIGKILL after-save does not repeat or lose a confirmed result (294.619333ms)
✔ ordinary saves retain before/after history, skip no-ops, reject conflicts and restore through the same plan API (308.007417ms)
✔ ordinary save SIGKILL before-save is reconciled without repeating the save (183.608666ms)
✔ ordinary save SIGKILL after-save is reconciled without repeating the save (177.775292ms)
✔ editor save rechecks authorization after asynchronous preparation before journaling or activation (1.916541ms)
✔ sequence waits for dwell/stable conditions, verifies outputs, completes and monitors its terminal state (6.872875ms)
✔ conditions must remain stable and priority explicitly chooses among matching branches (4.318292ms)
✔ sequence stale faults without forcing an invented safe value (2.144792ms)
✔ sequence external faults without forcing an invented safe value (2.741667ms)
✔ sequence timeout faults without forcing an invented safe value (2.813667ms)
✔ sequence guard faults without forcing an invented safe value (2.136083ms)
✔ a fresh controller requires explicit arming and initial outputs; exact physical scope includes every machine target (4.18225ms)
✔ evidence expiring during single output stops the step and records already verified writes (2.245875ms)
✔ evidence expiring during multiple outputs stops the step and records already verified writes (1.015541ms)
✔ a later action failure leaves prior verified writes recorded, does not advance state and never rolls back outputs (0.94375ms)
✔ takeover during an in-flight step prevents later actions (0.733834ms)
✔ Float32 readback accepts representable quantization but detects a different register value (0.684833ms)
✔ validation rejects unreachable graphs, ambiguous priorities, missing action vectors, duplicate controllers and out-of-range writes (0.595291ms)
✔ Agent point deletion and changed knowledge disable dependent machines with visible impact (4.742042ms)
✔ an output used by the trigger is captured before this transition writes its complete vector (2.756125ms)
✔ a timeout during a multi-output transition prevents the remaining write and records the machine identity (4.550791ms)
✔ disabled broken dependencies remain editable but invalid graph structure is still rejected (0.79925ms)
✔ a configured return transition repeats the sequence while preserving the minimum switch interval (2.915208ms)
✔ the importable three-step water demo validates and starts with stopped simulation outputs (0.383416ms)
✔ expired authorization during a step finishes the issued readback and stops remaining actions (1.33375ms)
✔ waste project preserves process units, streams, controls, and bindings (1.995292ms)
✔ process starts, warms up, alarms, recovers, then stops (3.147541ms)
✔ two tanks conserve water and move in opposite directions with unequal capacity (1.787375ms)
✔ stopping holds both tank levels and flow is zero; restarting resumes transfer (0.396875ms)
✔ full destination and dry source limit exact transfer without creating or losing water (0.251375ms)
✔ water demo binds separate levels, actual pump feedback and writable command with straight routes (145.098375ms)
✔ first launch and project demo entry use the same physically coupled water model (1.478417ms)
ℹ tests 130
ℹ suites 0
ℹ pass 130
ℹ fail 0
ℹ cancelled 0
ℹ skipped 0
ℹ todo 0
ℹ duration_ms 48105.389667
