
> flexhmi@0.4.3 test
> node --test tests/alarm.cjs tests/integration.cjs tests/waste-simulation.cjs tests/layout.cjs tests/agent.cjs tests/water-simulation.cjs tests/ai.cjs tests/control.cjs tests/knowledge.cjs tests/assessment-store.cjs tests/ipc-launcher.cjs tests/agent-write.cjs tests/project-store.cjs tests/connections.cjs tests/state-machine.cjs tests/access.cjs

✔ protected access stores only hashes, rejects anonymous and forged owner requests, and honors expiry/revocation (361.210166ms)
✔ server capability checks cannot be bypassed using client scope, direct save, legacy write or physical-write flags (242.914292ms)
✔ real FUXA enforces token roles, gates upstream HTTP and sockets, and revoked control returns to manual (3238.480333ms)
✔ Agent writes bind exact device, revision, current value and declared range (1.708ms)
✔ Agent writes reject stale, future, null and untyped target data before actuation (0.395625ms)
✔ physical target authorization and tag data type are checked before writing (0.142375ms)
✔ agent deletion repairs all dependent bindings and reports runtime impact (3.882084ms)
✔ component deletion cascades connections; invalid plans never mutate input (1.126125ms)
✔ topological layout respects lock and leaves no overlapping nodes (1.792209ms)
✔ orthogonal routing avoids obstacle and follows moved endpoints (2.055667ms)
✔ unroutable ports produce a blocking diagnostic, not fake straight lines (0.146292ms)
✔ mode validation distinguishes available configuration from future execution (1.010833ms)
✔ new and edited dangling references fail with locations instead of silently becoming unbound (0.395209ms)
✔ forward references in one plan work but newly introduced links to a deleted target are rejected (0.426083ms)
✔ loaded projects use their own deletion baseline and reject later new bad bindings (0.314583ms)
✔ control dependency deletion remains recoverable while newly mistyped rule and step references fail (15.595375ms)
✔ new invented source references fail while existing source updates still disable dependent rules (1.195666ms)
✔ different equipment sizes align their visible ports with no gratuitous elbow (0.146625ms)
✔ reversed and vertical flows point toward destination with the appropriate side (4.45075ms)
✔ offset horizontal ports use a centered corridor instead of tiny end stubs (0.112209ms)
✔ manual flow drawings cannot silently disconnect during automatic layout (0.065666ms)
✔ process optimization preserves unconnected titles, controls and cards while aligning equipment (0.408708ms)
✔ type conversion preserves the complete engineering configuration and reports executable consequences (8.629667ms)
✔ model settings reject insecure remote URLs and credentials never persist or move to a new destination (5.428625ms)
✔ generation wait settings validate bounds and survive restart without persisting credentials (1.895958ms)
✔ each job snapshots its wait budget and terminal elapsed time stays fixed (40.019042ms)
✔ a model output becomes a checked preview only, never applies to the live project (1.694125ms)
✔ invalid model operations get exactly one repair and a second invalid answer fails (1.463084ms)
✔ concurrent engineering edits invalidate model output rather than replacing the revision (0.664875ms)
✔ cancellation and timeout cannot produce a late preview (26.284917ms)
✔ both provider wire protocols parse valid JSON; redirect does not leak bearer token (19.832958ms)
✔ plan schema is valid draft-07 and model cannot choose actor or revision (198.989542ms)
✔ model transport bounds decompressed data and cancellation closes pending headers and bodies (20.938583ms)
✔ duplicate ID feedback identifies both conflicting objects for model repair (1.093917ms)
✔ model gets actionable dangling-reference feedback and must repair the binding before preview (3.375583ms)
✔ alarm drafts remain explicitly unconfigured and invalid thresholds fail with location (4.642333ms)
✔ alarm never reports normal without a configured limit and fresh numeric evidence (0.514916ms)
✔ assessment archive survives restart, searches and pages without leaking full observations into lists (37.623333ms)
✔ same-side return ports use two bends without an artificial last jog (5.151708ms)
✔ cycles unfold into ordered equipment and an outside return; repeated optimization is stable (10.4855ms)
✔ branch ordering follows upstream paths and does not depend on input array order (0.4045ms)
✔ automatic ports avoid equipment labels; explicit obstructed ports explain failure (2.808458ms)
✔ crossing diagnostics distinguish a visual crossover from actual connectivity (0.196583ms)
✔ connection editor previews preserve equipment, support reversed arrows and reset automatic ports (1.393958ms)
✔ connection hit targets exist only in editor markup and all text is escaped (5.545833ms)
✔ runtime flow only animates fresh true Bool values and stops on stale data (0.143834ms)
✔ explicit returns do not reorder the main process even when IDs and feed branches prefer another cycle entry (16.783792ms)
✔ declared return decisions are reversible and inferred layoutRole cannot override new graph direction (2.038416ms)
✔ complex independent channels separate without moving equipment, changing ports or adding bends (1.948709ms)
✔ unavoidable duplicate straight connections remain diagnosed instead of inventing a fake detour (0.16275ms)
✔ hysteresis, stable duration and minimum interval prevent chattering (6.196541ms)
✔ fresh false permissive requests off; stale data faults without inventing a safe output (1.739041ms)
✔ manual takeover persists and restarting or configuration changes never auto-arm (1.111542ms)
✔ external output changes and unverified writes fault rather than being silently overwritten (3.1555ms)
✔ physical output requires exact session scope and data readiness (1.959416ms)
✔ validation rejects inverted thresholds, shared output and unauthorized tag types (0.45575ms)
✔ deleting control dependencies disables the rule with a visible impact instead of leaving a live dangling action (5.428208ms)
✔ takeover during an in-flight write prevents subsequent rules from writing (0.863ms)
▶ SimpleHMI real FUXA integration
  ✔ simulation runs through FUXA and supports writes (2044.104416ms)
  ✔ Agent point write is guarded, verified and audited (566.5235ms)
  ✔ layout saves and reloads without stopping devices (14.614209ms)
  ✔ ordinary HTTP saves journal normalized changes and a repeated save preserves live simulation (52.177416ms)
  ✔ invalid and read-only requests fail honestly (25.917167ms)
  ✔ connection probe performs a real Modbus read (44.839542ms)
  ✔ failed connection probe returns an error without crashing server (5.264292ms)
  ✔ FUXA Modbus reads, writes register with scale, writes coil and verifies readback (1604.848125ms)
  ✔ Agent physical write requires authorization and matches test slave readback (1113.3425ms)
  ✔ automatic Modbus control needs session authorization and verifies actual coil readback (1059.666458ms)
  ✔ Agent step flow drives a real Modbus test slave through idle, running and stopped outputs (6067.305333ms)
  ✔ disconnect becomes stale and cannot report successful write (3346.253167ms)
  ✔ switch project clears previous device and history exists (1861.872417ms)
  ✔ server restart restores active saved project (1477.802333ms)
  ✔ agent previews without mutation, applies once, and rejects stale competing plans (930.6375ms)
  ✔ AI HTTP generation uses configured provider and produces an unapplied checked preview (47.501375ms)
  ✔ water process runs through FUXA with independent opposite levels, conservation and stop/resume (6061.237208ms)
  ✔ water rules automatically start and stop with readback; manual takeover and restart stay manual (11495.225959ms)
  ✔ industry assessment persists exact citations, rejects changed conditions and applies a fresh reviewed strategy (3161.177042ms)
  ✔ built-in AI and external assessments preserve step citations through apply, restart and dependent invalidation (3920.486458ms)
  ✔ cross-origin mutation is rejected (1.841375ms)
✔ SimpleHMI real FUXA integration (48916.25975ms)
✔ IPC controller owns one runtime, authenticates launches and stops only its child (330.2265ms)
✔ Unix controller recovers a dead socket and keeps long data paths out of sockaddr (353.705834ms)
✔ model-generated steps inherit verified citations and stop when their basis changes or expires (31.9745ms)
✔ long model waits never extend the three-minute assessment observation lifetime (10.47325ms)
✔ knowledge validation, Chinese retrieval, exact version increments and expired sources (3.238917ms)
✔ citations require exact source excerpts and every observed value has a valid interval (0.649584ms)
✔ application checks data drift, source mutation, expiration and observed tag configuration (1.468375ms)
✔ knowledge changes and deletes disable dependent rules and appear in plan changes (1.2685ms)
✔ model assessment receives selected evidence, creates a cited preview, and never auto-executes (3.542584ms)
✔ empty-action assessment is a report and does not fabricate a modification (3.155208ms)
✔ an armed rule faults when its cited source expires, without writing another output (0.992375ms)
✔ alignment preserves dimensions and aligns selected bounds (3.953458ms)
✔ unequal width objects get equal gaps without overlap (0.679708ms)
✔ group dragging snaps and clamps without changing internal spacing (0.303542ms)
✔ 112 upstream symbols have unique ids and valid non-clipping viewboxes (2.734917ms)
✔ saved project lifecycle preserves exact archived content and refuses stale or active targets (15.28275ms)
✔ new projects and restore destinations are checked again immediately before mutation (5.58925ms)
✔ SIGKILL before-save reconciles the journal without replaying an interrupted operation (507.025542ms)
✔ SIGKILL after-save reconciles the journal without replaying an interrupted operation (364.717ms)
✔ restart reconciles archived files and reports corrupt journal records without blocking the service (139.224791ms)
✔ history restoration previews all overwritten changes, rejects races, is replay-safe and persists (254.340041ms)
✔ restoring deleted knowledge uses a new historical high-water version and invalidates old rule evidence (142.7785ms)
✔ history restoration refuses cross-project switches, archived-file plans and missing snapshots (0.485ms)
✔ history restore SIGKILL before-save does not repeat or lose a confirmed result (284.908958ms)
✔ history restore SIGKILL after-save does not repeat or lose a confirmed result (286.052083ms)
✔ ordinary saves retain before/after history, skip no-ops, reject conflicts and restore through the same plan API (331.327541ms)
✔ ordinary save SIGKILL before-save is reconciled without repeating the save (245.983208ms)
✔ ordinary save SIGKILL after-save is reconciled without repeating the save (220.43075ms)
✔ editor save rechecks authorization after asynchronous preparation before journaling or activation (2.347458ms)
✔ sequence waits for dwell/stable conditions, verifies outputs, completes and monitors its terminal state (3.089791ms)
✔ conditions must remain stable and priority explicitly chooses among matching branches (0.778792ms)
✔ sequence stale faults without forcing an invented safe value (3.693416ms)
✔ sequence external faults without forcing an invented safe value (3.612625ms)
✔ sequence timeout faults without forcing an invented safe value (5.768ms)
✔ sequence guard faults without forcing an invented safe value (0.918833ms)
✔ a fresh controller requires explicit arming and initial outputs; exact physical scope includes every machine target (0.944166ms)
✔ evidence expiring during single output stops the step and records already verified writes (1.212875ms)
✔ evidence expiring during multiple outputs stops the step and records already verified writes (3.382875ms)
✔ a later action failure leaves prior verified writes recorded, does not advance state and never rolls back outputs (4.220709ms)
✔ takeover during an in-flight step prevents later actions (0.980292ms)
✔ Float32 readback accepts representable quantization but detects a different register value (0.844375ms)
✔ validation rejects unreachable graphs, ambiguous priorities, missing action vectors, duplicate controllers and out-of-range writes (0.34ms)
✔ Agent point deletion and changed knowledge disable dependent machines with visible impact (2.425792ms)
✔ an output used by the trigger is captured before this transition writes its complete vector (4.511083ms)
✔ a timeout during a multi-output transition prevents the remaining write and records the machine identity (1.706125ms)
✔ disabled broken dependencies remain editable but invalid graph structure is still rejected (0.374083ms)
✔ a configured return transition repeats the sequence while preserving the minimum switch interval (1.00725ms)
✔ the importable three-step water demo validates and starts with stopped simulation outputs (0.334167ms)
✔ expired authorization during a step finishes the issued readback and stops remaining actions (0.595875ms)
✔ waste project preserves process units, streams, controls, and bindings (3.403084ms)
✔ process starts, warms up, alarms, recovers, then stops (1.177208ms)
✔ two tanks conserve water and move in opposite directions with unequal capacity (6.198125ms)
✔ stopping holds both tank levels and flow is zero; restarting resumes transfer (0.422458ms)
✔ full destination and dry source limit exact transfer without creating or losing water (0.087916ms)
✔ water demo binds separate levels, actual pump feedback and writable command with straight routes (152.078416ms)
✔ first launch and project demo entry use the same physically coupled water model (0.666125ms)
ℹ tests 136
ℹ suites 0
ℹ pass 136
ℹ fail 0
ℹ cancelled 0
ℹ skipped 0
ℹ todo 0
ℹ duration_ms 49283.567
